================================================================================
Running Clover baseline/seed jobs on up to two GPUs
================================================================================
Starting EMO_V3 seed=123 on GPUs 5
Arguments: --seed 123 --output-dir outputs/emo_v3/seed_123 --train-epochs 100 --rollouts-per-epoch 256 --minibatch-size 64 --learning-rate 1e-05 --save-every 5 --num-inference-steps 50 --guidance-scale 5.0 --adam-epsilon 1e-08 --eta 1.0 --sac-epochs 2 --reward-scale 20.0 --importance-ratio-clip 1.0 --lora-alpha 32 --lora-rank 32 --min-log-prob-std 0.0001 --rollout-chunk-size 64 --reward-type clip --gpu-ids 0
cuda:0 torch.float16 gpu_ids=[0]
Loading pipeline components...:   0%|          | 0/6 [00:00<?, ?it/s]Loading pipeline components...:  33%|███▎      | 2/6 [00:00<00:01,  3.96it/s]
Loading weights:   0%|          | 0/196 [00:00<?, ?it/s][ALoading weights: 100%|██████████| 196/196 [00:00<00:00, 3633.53it/s]
Loading pipeline components...:  50%|█████     | 3/6 [00:00<00:00,  4.64it/s]Loading pipeline components...: 100%|██████████| 6/6 [00:00<00:00,  9.66it/s]Loading pipeline components...: 100%|██████████| 6/6 [00:00<00:00,  7.58it/s]
Traceback (most recent call last):
  File "<frozen runpy>", line 198, in _run_module_as_main
  File "<frozen runpy>", line 88, in _run_code
  File "/aiau010_scratch/azm0269/clover/clover/baselines/emo_v3.py", line 44, in <module>
    main()
  File "/aiau010_scratch/azm0269/clover/clover/baselines/emo_v3.py", line 40, in main
    train(parse_config(EMOV3Config, __doc__ or "Train EMO v3"))
  File "/aiau010_scratch/azm0269/clover/clover/baselines/emo_v3.py", line 35, in train
    return train_emo(config, baseline_name="emo_v3")
           ^^^^^^^^^^^^^^^^^^^^^^^^^^^^^^^^^^^^^^^^^
  File "/aiau010_scratch/azm0269/clover/clover/baselines/emo_v2.py", line 1296, in train
    last_epoch, history = load_training_checkpoint(
                          ^^^^^^^^^^^^^^^^^^^^^^^^^
  File "/aiau010_scratch/azm0269/clover/clover/utils/baseline_utils.py", line 112, in load_training_checkpoint
    set_peft_model_state_dict(unwrap_unet(pipe.unet), checkpoint["lora_state_dict"])
  File "/aiau010_scratch/azm0269/clover/.venv/lib/python3.12/site-packages/peft/utils/save_and_load.py", line 834, in set_peft_model_state_dict
    load_result = model.load_state_dict(peft_model_state_dict, strict=False)
                  ^^^^^^^^^^^^^^^^^^^^^^^^^^^^^^^^^^^^^^^^^^^^^^^^^^^^^^^^^^
  File "/aiau010_scratch/azm0269/clover/.venv/lib/python3.12/site-packages/torch/nn/modules/module.py", line 2638, in load_state_dict
    raise RuntimeError(
RuntimeError: Error(s) in loading state_dict for UNet2DConditionModel:
	size mismatch for down_blocks.0.attentions.0.transformer_blocks.0.attn1.to_q.lora_A.default.weight: copying a param with shape torch.Size([16, 320]) from checkpoint, the shape in current model is torch.Size([32, 320]).
	size mismatch for down_blocks.0.attentions.0.transformer_blocks.0.attn1.to_q.lora_B.default.weight: copying a param with shape torch.Size([320, 16]) from checkpoint, the shape in current model is torch.Size([320, 32]).
	size mismatch for down_blocks.0.attentions.0.transformer_blocks.0.attn1.to_k.lora_A.default.weight: copying a param with shape torch.Size([16, 320]) from checkpoint, the shape in current model is torch.Size([32, 320]).
	size mismatch for down_blocks.0.attentions.0.transformer_blocks.0.attn1.to_k.lora_B.default.weight: copying a param with shape torch.Size([320, 16]) from checkpoint, the shape in current model is torch.Size([320, 32]).
	size mismatch for down_blocks.0.attentions.0.transformer_blocks.0.attn1.to_v.lora_A.default.weight: copying a param with shape torch.Size([16, 320]) from checkpoint, the shape in current model is torch.Size([32, 320]).
	size mismatch for down_blocks.0.attentions.0.transformer_blocks.0.attn1.to_v.lora_B.default.weight: copying a param with shape torch.Size([320, 16]) from checkpoint, the shape in current model is torch.Size([320, 32]).
	size mismatch for down_blocks.0.attentions.0.transformer_blocks.0.attn1.to_out.0.lora_A.default.weight: copying a param with shape torch.Size([16, 320]) from checkpoint, the shape in current model is torch.Size([32, 320]).
	size mismatch for down_blocks.0.attentions.0.transformer_blocks.0.attn1.to_out.0.lora_B.default.weight: copying a param with shape torch.Size([320, 16]) from checkpoint, the shape in current model is torch.Size([320, 32]).
	size mismatch for down_blocks.0.attentions.0.transformer_blocks.0.attn2.to_q.lora_A.default.weight: copying a param with shape torch.Size([16, 320]) from checkpoint, the shape in current model is torch.Size([32, 320]).
	size mismatch for down_blocks.0.attentions.0.transformer_blocks.0.attn2.to_q.lora_B.default.weight: copying a param with shape torch.Size([320, 16]) from checkpoint, the shape in current model is torch.Size([320, 32]).
	size mismatch for down_blocks.0.attentions.0.transformer_blocks.0.attn2.to_k.lora_A.default.weight: copying a param with shape torch.Size([16, 768]) from checkpoint, the shape in current model is torch.Size([32, 768]).
	size mismatch for down_blocks.0.attentions.0.transformer_blocks.0.attn2.to_k.lora_B.default.weight: copying a param with shape torch.Size([320, 16]) from checkpoint, the shape in current model is torch.Size([320, 32]).
	size mismatch for down_blocks.0.attentions.0.transformer_blocks.0.attn2.to_v.lora_A.default.weight: copying a param with shape torch.Size([16, 768]) from checkpoint, the shape in current model is torch.Size([32, 768]).
	size mismatch for down_blocks.0.attentions.0.transformer_blocks.0.attn2.to_v.lora_B.default.weight: copying a param with shape torch.Size([320, 16]) from checkpoint, the shape in current model is torch.Size([320, 32]).
	size mismatch for down_blocks.0.attentions.0.transformer_blocks.0.attn2.to_out.0.lora_A.default.weight: copying a param with shape torch.Size([16, 320]) from checkpoint, the shape in current model is torch.Size([32, 320]).
	size mismatch for down_blocks.0.attentions.0.transformer_blocks.0.attn2.to_out.0.lora_B.default.weight: copying a param with shape torch.Size([320, 16]) from checkpoint, the shape in current model is torch.Size([320, 32]).
	size mismatch for down_blocks.0.attentions.1.transformer_blocks.0.attn1.to_q.lora_A.default.weight: copying a param with shape torch.Size([16, 320]) from checkpoint, the shape in current model is torch.Size([32, 320]).
	size mismatch for down_blocks.0.attentions.1.transformer_blocks.0.attn1.to_q.lora_B.default.weight: copying a param with shape torch.Size([320, 16]) from checkpoint, the shape in current model is torch.Size([320, 32]).
	size mismatch for down_blocks.0.attentions.1.transformer_blocks.0.attn1.to_k.lora_A.default.weight: copying a param with shape torch.Size([16, 320]) from checkpoint, the shape in current model is torch.Size([32, 320]).
	size mismatch for down_blocks.0.attentions.1.transformer_blocks.0.attn1.to_k.lora_B.default.weight: copying a param with shape torch.Size([320, 16]) from checkpoint, the shape in current model is torch.Size([320, 32]).
	size mismatch for down_blocks.0.attentions.1.transformer_blocks.0.attn1.to_v.lora_A.default.weight: copying a param with shape torch.Size([16, 320]) from checkpoint, the shape in current model is torch.Size([32, 320]).
	size mismatch for down_blocks.0.attentions.1.transformer_blocks.0.attn1.to_v.lora_B.default.weight: copying a param with shape torch.Size([320, 16]) from checkpoint, the shape in current model is torch.Size([320, 32]).
	size mismatch for down_blocks.0.attentions.1.transformer_blocks.0.attn1.to_out.0.lora_A.default.weight: copying a param with shape torch.Size([16, 320]) from checkpoint, the shape in current model is torch.Size([32, 320]).
	size mismatch for down_blocks.0.attentions.1.transformer_blocks.0.attn1.to_out.0.lora_B.default.weight: copying a param with shape torch.Size([320, 16]) from checkpoint, the shape in current model is torch.Size([320, 32]).
	size mismatch for down_blocks.0.attentions.1.transformer_blocks.0.attn2.to_q.lora_A.default.weight: copying a param with shape torch.Size([16, 320]) from checkpoint, the shape in current model is torch.Size([32, 320]).
	size mismatch for down_blocks.0.attentions.1.transformer_blocks.0.attn2.to_q.lora_B.default.weight: copying a param with shape torch.Size([320, 16]) from checkpoint, the shape in current model is torch.Size([320, 32]).
	size mismatch for down_blocks.0.attentions.1.transformer_blocks.0.attn2.to_k.lora_A.default.weight: copying a param with shape torch.Size([16, 768]) from checkpoint, the shape in current model is torch.Size([32, 768]).
	size mismatch for down_blocks.0.attentions.1.transformer_blocks.0.attn2.to_k.lora_B.default.weight: copying a param with shape torch.Size([320, 16]) from checkpoint, the shape in current model is torch.Size([320, 32]).
	size mismatch for down_blocks.0.attentions.1.transformer_blocks.0.attn2.to_v.lora_A.default.weight: copying a param with shape torch.Size([16, 768]) from checkpoint, the shape in current model is torch.Size([32, 768]).
	size mismatch for down_blocks.0.attentions.1.transformer_blocks.0.attn2.to_v.lora_B.default.weight: copying a param with shape torch.Size([320, 16]) from checkpoint, the shape in current model is torch.Size([320, 32]).
	size mismatch for down_blocks.0.attentions.1.transformer_blocks.0.attn2.to_out.0.lora_A.default.weight: copying a param with shape torch.Size([16, 320]) from checkpoint, the shape in current model is torch.Size([32, 320]).
	size mismatch for down_blocks.0.attentions.1.transformer_blocks.0.attn2.to_out.0.lora_B.default.weight: copying a param with shape torch.Size([320, 16]) from checkpoint, the shape in current model is torch.Size([320, 32]).
	size mismatch for down_blocks.1.attentions.0.transformer_blocks.0.attn1.to_q.lora_A.default.weight: copying a param with shape torch.Size([16, 640]) from checkpoint, the shape in current model is torch.Size([32, 640]).
	size mismatch for down_blocks.1.attentions.0.transformer_blocks.0.attn1.to_q.lora_B.default.weight: copying a param with shape torch.Size([640, 16]) from checkpoint, the shape in current model is torch.Size([640, 32]).
	size mismatch for down_blocks.1.attentions.0.transformer_blocks.0.attn1.to_k.lora_A.default.weight: copying a param with shape torch.Size([16, 640]) from checkpoint, the shape in current model is torch.Size([32, 640]).
	size mismatch for down_blocks.1.attentions.0.transformer_blocks.0.attn1.to_k.lora_B.default.weight: copying a param with shape torch.Size([640, 16]) from checkpoint, the shape in current model is torch.Size([640, 32]).
	size mismatch for down_blocks.1.attentions.0.transformer_blocks.0.attn1.to_v.lora_A.default.weight: copying a param with shape torch.Size([16, 640]) from checkpoint, the shape in current model is torch.Size([32, 640]).
	size mismatch for down_blocks.1.attentions.0.transformer_blocks.0.attn1.to_v.lora_B.default.weight: copying a param with shape torch.Size([640, 16]) from checkpoint, the shape in current model is torch.Size([640, 32]).
	size mismatch for down_blocks.1.attentions.0.transformer_blocks.0.attn1.to_out.0.lora_A.default.weight: copying a param with shape torch.Size([16, 640]) from checkpoint, the shape in current model is torch.Size([32, 640]).
	size mismatch for down_blocks.1.attentions.0.transformer_blocks.0.attn1.to_out.0.lora_B.default.weight: copying a param with shape torch.Size([640, 16]) from checkpoint, the shape in current model is torch.Size([640, 32]).
	size mismatch for down_blocks.1.attentions.0.transformer_blocks.0.attn2.to_q.lora_A.default.weight: copying a param with shape torch.Size([16, 640]) from checkpoint, the shape in current model is torch.Size([32, 640]).
	size mismatch for down_blocks.1.attentions.0.transformer_blocks.0.attn2.to_q.lora_B.default.weight: copying a param with shape torch.Size([640, 16]) from checkpoint, the shape in current model is torch.Size([640, 32]).
	size mismatch for down_blocks.1.attentions.0.transformer_blocks.0.attn2.to_k.lora_A.default.weight: copying a param with shape torch.Size([16, 768]) from checkpoint, the shape in current model is torch.Size([32, 768]).
	size mismatch for down_blocks.1.attentions.0.transformer_blocks.0.attn2.to_k.lora_B.default.weight: copying a param with shape torch.Size([640, 16]) from checkpoint, the shape in current model is torch.Size([640, 32]).
	size mismatch for down_blocks.1.attentions.0.transformer_blocks.0.attn2.to_v.lora_A.default.weight: copying a param with shape torch.Size([16, 768]) from checkpoint, the shape in current model is torch.Size([32, 768]).
	size mismatch for down_blocks.1.attentions.0.transformer_blocks.0.attn2.to_v.lora_B.default.weight: copying a param with shape torch.Size([640, 16]) from checkpoint, the shape in current model is torch.Size([640, 32]).
	size mismatch for down_blocks.1.attentions.0.transformer_blocks.0.attn2.to_out.0.lora_A.default.weight: copying a param with shape torch.Size([16, 640]) from checkpoint, the shape in current model is torch.Size([32, 640]).
	size mismatch for down_blocks.1.attentions.0.transformer_blocks.0.attn2.to_out.0.lora_B.default.weight: copying a param with shape torch.Size([640, 16]) from checkpoint, the shape in current model is torch.Size([640, 32]).
	size mismatch for down_blocks.1.attentions.1.transformer_blocks.0.attn1.to_q.lora_A.default.weight: copying a param with shape torch.Size([16, 640]) from checkpoint, the shape in current model is torch.Size([32, 640]).
	size mismatch for down_blocks.1.attentions.1.transformer_blocks.0.attn1.to_q.lora_B.default.weight: copying a param with shape torch.Size([640, 16]) from checkpoint, the shape in current model is torch.Size([640, 32]).
	size mismatch for down_blocks.1.attentions.1.transformer_blocks.0.attn1.to_k.lora_A.default.weight: copying a param with shape torch.Size([16, 640]) from checkpoint, the shape in current model is torch.Size([32, 640]).
	size mismatch for down_blocks.1.attentions.1.transformer_blocks.0.attn1.to_k.lora_B.default.weight: copying a param with shape torch.Size([640, 16]) from checkpoint, the shape in current model is torch.Size([640, 32]).
	size mismatch for down_blocks.1.attentions.1.transformer_blocks.0.attn1.to_v.lora_A.default.weight: copying a param with shape torch.Size([16, 640]) from checkpoint, the shape in current model is torch.Size([32, 640]).
	size mismatch for down_blocks.1.attentions.1.transformer_blocks.0.attn1.to_v.lora_B.default.weight: copying a param with shape torch.Size([640, 16]) from checkpoint, the shape in current model is torch.Size([640, 32]).
	size mismatch for down_blocks.1.attentions.1.transformer_blocks.0.attn1.to_out.0.lora_A.default.weight: copying a param with shape torch.Size([16, 640]) from checkpoint, the shape in current model is torch.Size([32, 640]).
	size mismatch for down_blocks.1.attentions.1.transformer_blocks.0.attn1.to_out.0.lora_B.default.weight: copying a param with shape torch.Size([640, 16]) from checkpoint, the shape in current model is torch.Size([640, 32]).
	size mismatch for down_blocks.1.attentions.1.transformer_blocks.0.attn2.to_q.lora_A.default.weight: copying a param with shape torch.Size([16, 640]) from checkpoint, the shape in current model is torch.Size([32, 640]).
	size mismatch for down_blocks.1.attentions.1.transformer_blocks.0.attn2.to_q.lora_B.default.weight: copying a param with shape torch.Size([640, 16]) from checkpoint, the shape in current model is torch.Size([640, 32]).
	size mismatch for down_blocks.1.attentions.1.transformer_blocks.0.attn2.to_k.lora_A.default.weight: copying a param with shape torch.Size([16, 768]) from checkpoint, the shape in current model is torch.Size([32, 768]).
	size mismatch for down_blocks.1.attentions.1.transformer_blocks.0.attn2.to_k.lora_B.default.weight: copying a param with shape torch.Size([640, 16]) from checkpoint, the shape in current model is torch.Size([640, 32]).
	size mismatch for down_blocks.1.attentions.1.transformer_blocks.0.attn2.to_v.lora_A.default.weight: copying a param with shape torch.Size([16, 768]) from checkpoint, the shape in current model is torch.Size([32, 768]).
	size mismatch for down_blocks.1.attentions.1.transformer_blocks.0.attn2.to_v.lora_B.default.weight: copying a param with shape torch.Size([640, 16]) from checkpoint, the shape in current model is torch.Size([640, 32]).
	size mismatch for down_blocks.1.attentions.1.transformer_blocks.0.attn2.to_out.0.lora_A.default.weight: copying a param with shape torch.Size([16, 640]) from checkpoint, the shape in current model is torch.Size([32, 640]).
	size mismatch for down_blocks.1.attentions.1.transformer_blocks.0.attn2.to_out.0.lora_B.default.weight: copying a param with shape torch.Size([640, 16]) from checkpoint, the shape in current model is torch.Size([640, 32]).
	size mismatch for down_blocks.2.attentions.0.transformer_blocks.0.attn1.to_q.lora_A.default.weight: copying a param with shape torch.Size([16, 1280]) from checkpoint, the shape in current model is torch.Size([32, 1280]).
	size mismatch for down_blocks.2.attentions.0.transformer_blocks.0.attn1.to_q.lora_B.default.weight: copying a param with shape torch.Size([1280, 16]) from checkpoint, the shape in current model is torch.Size([1280, 32]).
	size mismatch for down_blocks.2.attentions.0.transformer_blocks.0.attn1.to_k.lora_A.default.weight: copying a param with shape torch.Size([16, 1280]) from checkpoint, the shape in current model is torch.Size([32, 1280]).
	size mismatch for down_blocks.2.attentions.0.transformer_blocks.0.attn1.to_k.lora_B.default.weight: copying a param with shape torch.Size([1280, 16]) from checkpoint, the shape in current model is torch.Size([1280, 32]).
	size mismatch for down_blocks.2.attentions.0.transformer_blocks.0.attn1.to_v.lora_A.default.weight: copying a param with shape torch.Size([16, 1280]) from checkpoint, the shape in current model is torch.Size([32, 1280]).
	size mismatch for down_blocks.2.attentions.0.transformer_blocks.0.attn1.to_v.lora_B.default.weight: copying a param with shape torch.Size([1280, 16]) from checkpoint, the shape in current model is torch.Size([1280, 32]).
	size mismatch for down_blocks.2.attentions.0.transformer_blocks.0.attn1.to_out.0.lora_A.default.weight: copying a param with shape torch.Size([16, 1280]) from checkpoint, the shape in current model is torch.Size([32, 1280]).
	size mismatch for down_blocks.2.attentions.0.transformer_blocks.0.attn1.to_out.0.lora_B.default.weight: copying a param with shape torch.Size([1280, 16]) from checkpoint, the shape in current model is torch.Size([1280, 32]).
	size mismatch for down_blocks.2.attentions.0.transformer_blocks.0.attn2.to_q.lora_A.default.weight: copying a param with shape torch.Size([16, 1280]) from checkpoint, the shape in current model is torch.Size([32, 1280]).
	size mismatch for down_blocks.2.attentions.0.transformer_blocks.0.attn2.to_q.lora_B.default.weight: copying a param with shape torch.Size([1280, 16]) from checkpoint, the shape in current model is torch.Size([1280, 32]).
	size mismatch for down_blocks.2.attentions.0.transformer_blocks.0.attn2.to_k.lora_A.default.weight: copying a param with shape torch.Size([16, 768]) from checkpoint, the shape in current model is torch.Size([32, 768]).
	size mismatch for down_blocks.2.attentions.0.transformer_blocks.0.attn2.to_k.lora_B.default.weight: copying a param with shape torch.Size([1280, 16]) from checkpoint, the shape in current model is torch.Size([1280, 32]).
	size mismatch for down_blocks.2.attentions.0.transformer_blocks.0.attn2.to_v.lora_A.default.weight: copying a param with shape torch.Size([16, 768]) from checkpoint, the shape in current model is torch.Size([32, 768]).
	size mismatch for down_blocks.2.attentions.0.transformer_blocks.0.attn2.to_v.lora_B.default.weight: copying a param with shape torch.Size([1280, 16]) from checkpoint, the shape in current model is torch.Size([1280, 32]).
	size mismatch for down_blocks.2.attentions.0.transformer_blocks.0.attn2.to_out.0.lora_A.default.weight: copying a param with shape torch.Size([16, 1280]) from checkpoint, the shape in current model is torch.Size([32, 1280]).
	size mismatch for down_blocks.2.attentions.0.transformer_blocks.0.attn2.to_out.0.lora_B.default.weight: copying a param with shape torch.Size([1280, 16]) from checkpoint, the shape in current model is torch.Size([1280, 32]).
	size mismatch for down_blocks.2.attentions.1.transformer_blocks.0.attn1.to_q.lora_A.default.weight: copying a param with shape torch.Size([16, 1280]) from checkpoint, the shape in current model is torch.Size([32, 1280]).
	size mismatch for down_blocks.2.attentions.1.transformer_blocks.0.attn1.to_q.lora_B.default.weight: copying a param with shape torch.Size([1280, 16]) from checkpoint, the shape in current model is torch.Size([1280, 32]).
	size mismatch for down_blocks.2.attentions.1.transformer_blocks.0.attn1.to_k.lora_A.default.weight: copying a param with shape torch.Size([16, 1280]) from checkpoint, the shape in current model is torch.Size([32, 1280]).
	size mismatch for down_blocks.2.attentions.1.transformer_blocks.0.attn1.to_k.lora_B.default.weight: copying a param with shape torch.Size([1280, 16]) from checkpoint, the shape in current model is torch.Size([1280, 32]).
	size mismatch for down_blocks.2.attentions.1.transformer_blocks.0.attn1.to_v.lora_A.default.weight: copying a param with shape torch.Size([16, 1280]) from checkpoint, the shape in current model is torch.Size([32, 1280]).
	size mismatch for down_blocks.2.attentions.1.transformer_blocks.0.attn1.to_v.lora_B.default.weight: copying a param with shape torch.Size([1280, 16]) from checkpoint, the shape in current model is torch.Size([1280, 32]).
	size mismatch for down_blocks.2.attentions.1.transformer_blocks.0.attn1.to_out.0.lora_A.default.weight: copying a param with shape torch.Size([16, 1280]) from checkpoint, the shape in current model is torch.Size([32, 1280]).
	size mismatch for down_blocks.2.attentions.1.transformer_blocks.0.attn1.to_out.0.lora_B.default.weight: copying a param with shape torch.Size([1280, 16]) from checkpoint, the shape in current model is torch.Size([1280, 32]).
	size mismatch for down_blocks.2.attentions.1.transformer_blocks.0.attn2.to_q.lora_A.default.weight: copying a param with shape torch.Size([16, 1280]) from checkpoint, the shape in current model is torch.Size([32, 1280]).
	size mismatch for down_blocks.2.attentions.1.transformer_blocks.0.attn2.to_q.lora_B.default.weight: copying a param with shape torch.Size([1280, 16]) from checkpoint, the shape in current model is torch.Size([1280, 32]).
	size mismatch for down_blocks.2.attentions.1.transformer_blocks.0.attn2.to_k.lora_A.default.weight: copying a param with shape torch.Size([16, 768]) from checkpoint, the shape in current model is torch.Size([32, 768]).
	size mismatch for down_blocks.2.attentions.1.transformer_blocks.0.attn2.to_k.lora_B.default.weight: copying a param with shape torch.Size([1280, 16]) from checkpoint, the shape in current model is torch.Size([1280, 32]).
	size mismatch for down_blocks.2.attentions.1.transformer_blocks.0.attn2.to_v.lora_A.default.weight: copying a param with shape torch.Size([16, 768]) from checkpoint, the shape in current model is torch.Size([32, 768]).
	size mismatch for down_blocks.2.attentions.1.transformer_blocks.0.attn2.to_v.lora_B.default.weight: copying a param with shape torch.Size([1280, 16]) from checkpoint, the shape in current model is torch.Size([1280, 32]).
	size mismatch for down_blocks.2.attentions.1.transformer_blocks.0.attn2.to_out.0.lora_A.default.weight: copying a param with shape torch.Size([16, 1280]) from checkpoint, the shape in current model is torch.Size([32, 1280]).
	size mismatch for down_blocks.2.attentions.1.transformer_blocks.0.attn2.to_out.0.lora_B.default.weight: copying a param with shape torch.Size([1280, 16]) from checkpoint, the shape in current model is torch.Size([1280, 32]).
	size mismatch for up_blocks.1.attentions.0.transformer_blocks.0.attn1.to_q.lora_A.default.weight: copying a param with shape torch.Size([16, 1280]) from checkpoint, the shape in current model is torch.Size([32, 1280]).
	size mismatch for up_blocks.1.attentions.0.transformer_blocks.0.attn1.to_q.lora_B.default.weight: copying a param with shape torch.Size([1280, 16]) from checkpoint, the shape in current model is torch.Size([1280, 32]).
	size mismatch for up_blocks.1.attentions.0.transformer_blocks.0.attn1.to_k.lora_A.default.weight: copying a param with shape torch.Size([16, 1280]) from checkpoint, the shape in current model is torch.Size([32, 1280]).
	size mismatch for up_blocks.1.attentions.0.transformer_blocks.0.attn1.to_k.lora_B.default.weight: copying a param with shape torch.Size([1280, 16]) from checkpoint, the shape in current model is torch.Size([1280, 32]).
	size mismatch for up_blocks.1.attentions.0.transformer_blocks.0.attn1.to_v.lora_A.default.weight: copying a param with shape torch.Size([16, 1280]) from checkpoint, the shape in current model is torch.Size([32, 1280]).
	size mismatch for up_blocks.1.attentions.0.transformer_blocks.0.attn1.to_v.lora_B.default.weight: copying a param with shape torch.Size([1280, 16]) from checkpoint, the shape in current model is torch.Size([1280, 32]).
	size mismatch for up_blocks.1.attentions.0.transformer_blocks.0.attn1.to_out.0.lora_A.default.weight: copying a param with shape torch.Size([16, 1280]) from checkpoint, the shape in current model is torch.Size([32, 1280]).
	size mismatch for up_blocks.1.attentions.0.transformer_blocks.0.attn1.to_out.0.lora_B.default.weight: copying a param with shape torch.Size([1280, 16]) from checkpoint, the shape in current model is torch.Size([1280, 32]).
	size mismatch for up_blocks.1.attentions.0.transformer_blocks.0.attn2.to_q.lora_A.default.weight: copying a param with shape torch.Size([16, 1280]) from checkpoint, the shape in current model is torch.Size([32, 1280]).
	size mismatch for up_blocks.1.attentions.0.transformer_blocks.0.attn2.to_q.lora_B.default.weight: copying a param with shape torch.Size([1280, 16]) from checkpoint, the shape in current model is torch.Size([1280, 32]).
	size mismatch for up_blocks.1.attentions.0.transformer_blocks.0.attn2.to_k.lora_A.default.weight: copying a param with shape torch.Size([16, 768]) from checkpoint, the shape in current model is torch.Size([32, 768]).
	size mismatch for up_blocks.1.attentions.0.transformer_blocks.0.attn2.to_k.lora_B.default.weight: copying a param with shape torch.Size([1280, 16]) from checkpoint, the shape in current model is torch.Size([1280, 32]).
	size mismatch for up_blocks.1.attentions.0.transformer_blocks.0.attn2.to_v.lora_A.default.weight: copying a param with shape torch.Size([16, 768]) from checkpoint, the shape in current model is torch.Size([32, 768]).
	size mismatch for up_blocks.1.attentions.0.transformer_blocks.0.attn2.to_v.lora_B.default.weight: copying a param with shape torch.Size([1280, 16]) from checkpoint, the shape in current model is torch.Size([1280, 32]).
	size mismatch for up_blocks.1.attentions.0.transformer_blocks.0.attn2.to_out.0.lora_A.default.weight: copying a param with shape torch.Size([16, 1280]) from checkpoint, the shape in current model is torch.Size([32, 1280]).
	size mismatch for up_blocks.1.attentions.0.transformer_blocks.0.attn2.to_out.0.lora_B.default.weight: copying a param with shape torch.Size([1280, 16]) from checkpoint, the shape in current model is torch.Size([1280, 32]).
	size mismatch for up_blocks.1.attentions.1.transformer_blocks.0.attn1.to_q.lora_A.default.weight: copying a param with shape torch.Size([16, 1280]) from checkpoint, the shape in current model is torch.Size([32, 1280]).
	size mismatch for up_blocks.1.attentions.1.transformer_blocks.0.attn1.to_q.lora_B.default.weight: copying a param with shape torch.Size([1280, 16]) from checkpoint, the shape in current model is torch.Size([1280, 32]).
	size mismatch for up_blocks.1.attentions.1.transformer_blocks.0.attn1.to_k.lora_A.default.weight: copying a param with shape torch.Size([16, 1280]) from checkpoint, the shape in current model is torch.Size([32, 1280]).
	size mismatch for up_blocks.1.attentions.1.transformer_blocks.0.attn1.to_k.lora_B.default.weight: copying a param with shape torch.Size([1280, 16]) from checkpoint, the shape in current model is torch.Size([1280, 32]).
	size mismatch for up_blocks.1.attentions.1.transformer_blocks.0.attn1.to_v.lora_A.default.weight: copying a param with shape torch.Size([16, 1280]) from checkpoint, the shape in current model is torch.Size([32, 1280]).
	size mismatch for up_blocks.1.attentions.1.transformer_blocks.0.attn1.to_v.lora_B.default.weight: copying a param with shape torch.Size([1280, 16]) from checkpoint, the shape in current model is torch.Size([1280, 32]).
	size mismatch for up_blocks.1.attentions.1.transformer_blocks.0.attn1.to_out.0.lora_A.default.weight: copying a param with shape torch.Size([16, 1280]) from checkpoint, the shape in current model is torch.Size([32, 1280]).
	size mismatch for up_blocks.1.attentions.1.transformer_blocks.0.attn1.to_out.0.lora_B.default.weight: copying a param with shape torch.Size([1280, 16]) from checkpoint, the shape in current model is torch.Size([1280, 32]).
	size mismatch for up_blocks.1.attentions.1.transformer_blocks.0.attn2.to_q.lora_A.default.weight: copying a param with shape torch.Size([16, 1280]) from checkpoint, the shape in current model is torch.Size([32, 1280]).
	size mismatch for up_blocks.1.attentions.1.transformer_blocks.0.attn2.to_q.lora_B.default.weight: copying a param with shape torch.Size([1280, 16]) from checkpoint, the shape in current model is torch.Size([1280, 32]).
	size mismatch for up_blocks.1.attentions.1.transformer_blocks.0.attn2.to_k.lora_A.default.weight: copying a param with shape torch.Size([16, 768]) from checkpoint, the shape in current model is torch.Size([32, 768]).
	size mismatch for up_blocks.1.attentions.1.transformer_blocks.0.attn2.to_k.lora_B.default.weight: copying a param with shape torch.Size([1280, 16]) from checkpoint, the shape in current model is torch.Size([1280, 32]).
	size mismatch for up_blocks.1.attentions.1.transformer_blocks.0.attn2.to_v.lora_A.default.weight: copying a param with shape torch.Size([16, 768]) from checkpoint, the shape in current model is torch.Size([32, 768]).
	size mismatch for up_blocks.1.attentions.1.transformer_blocks.0.attn2.to_v.lora_B.default.weight: copying a param with shape torch.Size([1280, 16]) from checkpoint, the shape in current model is torch.Size([1280, 32]).
	size mismatch for up_blocks.1.attentions.1.transformer_blocks.0.attn2.to_out.0.lora_A.default.weight: copying a param with shape torch.Size([16, 1280]) from checkpoint, the shape in current model is torch.Size([32, 1280]).
	size mismatch for up_blocks.1.attentions.1.transformer_blocks.0.attn2.to_out.0.lora_B.default.weight: copying a param with shape torch.Size([1280, 16]) from checkpoint, the shape in current model is torch.Size([1280, 32]).
	size mismatch for up_blocks.1.attentions.2.transformer_blocks.0.attn1.to_q.lora_A.default.weight: copying a param with shape torch.Size([16, 1280]) from checkpoint, the shape in current model is torch.Size([32, 1280]).
	size mismatch for up_blocks.1.attentions.2.transformer_blocks.0.attn1.to_q.lora_B.default.weight: copying a param with shape torch.Size([1280, 16]) from checkpoint, the shape in current model is torch.Size([1280, 32]).
	size mismatch for up_blocks.1.attentions.2.transformer_blocks.0.attn1.to_k.lora_A.default.weight: copying a param with shape torch.Size([16, 1280]) from checkpoint, the shape in current model is torch.Size([32, 1280]).
	size mismatch for up_blocks.1.attentions.2.transformer_blocks.0.attn1.to_k.lora_B.default.weight: copying a param with shape torch.Size([1280, 16]) from checkpoint, the shape in current model is torch.Size([1280, 32]).
	size mismatch for up_blocks.1.attentions.2.transformer_blocks.0.attn1.to_v.lora_A.default.weight: copying a param with shape torch.Size([16, 1280]) from checkpoint, the shape in current model is torch.Size([32, 1280]).
	size mismatch for up_blocks.1.attentions.2.transformer_blocks.0.attn1.to_v.lora_B.default.weight: copying a param with shape torch.Size([1280, 16]) from checkpoint, the shape in current model is torch.Size([1280, 32]).
	size mismatch for up_blocks.1.attentions.2.transformer_blocks.0.attn1.to_out.0.lora_A.default.weight: copying a param with shape torch.Size([16, 1280]) from checkpoint, the shape in current model is torch.Size([32, 1280]).
	size mismatch for up_blocks.1.attentions.2.transformer_blocks.0.attn1.to_out.0.lora_B.default.weight: copying a param with shape torch.Size([1280, 16]) from checkpoint, the shape in current model is torch.Size([1280, 32]).
	size mismatch for up_blocks.1.attentions.2.transformer_blocks.0.attn2.to_q.lora_A.default.weight: copying a param with shape torch.Size([16, 1280]) from checkpoint, the shape in current model is torch.Size([32, 1280]).
	size mismatch for up_blocks.1.attentions.2.transformer_blocks.0.attn2.to_q.lora_B.default.weight: copying a param with shape torch.Size([1280, 16]) from checkpoint, the shape in current model is torch.Size([1280, 32]).
	size mismatch for up_blocks.1.attentions.2.transformer_blocks.0.attn2.to_k.lora_A.default.weight: copying a param with shape torch.Size([16, 768]) from checkpoint, the shape in current model is torch.Size([32, 768]).
	size mismatch for up_blocks.1.attentions.2.transformer_blocks.0.attn2.to_k.lora_B.default.weight: copying a param with shape torch.Size([1280, 16]) from checkpoint, the shape in current model is torch.Size([1280, 32]).
	size mismatch for up_blocks.1.attentions.2.transformer_blocks.0.attn2.to_v.lora_A.default.weight: copying a param with shape torch.Size([16, 768]) from checkpoint, the shape in current model is torch.Size([32, 768]).
	size mismatch for up_blocks.1.attentions.2.transformer_blocks.0.attn2.to_v.lora_B.default.weight: copying a param with shape torch.Size([1280, 16]) from checkpoint, the shape in current model is torch.Size([1280, 32]).
	size mismatch for up_blocks.1.attentions.2.transformer_blocks.0.attn2.to_out.0.lora_A.default.weight: copying a param with shape torch.Size([16, 1280]) from checkpoint, the shape in current model is torch.Size([32, 1280]).
	size mismatch for up_blocks.1.attentions.2.transformer_blocks.0.attn2.to_out.0.lora_B.default.weight: copying a param with shape torch.Size([1280, 16]) from checkpoint, the shape in current model is torch.Size([1280, 32]).
	size mismatch for up_blocks.2.attentions.0.transformer_blocks.0.attn1.to_q.lora_A.default.weight: copying a param with shape torch.Size([16, 640]) from checkpoint, the shape in current model is torch.Size([32, 640]).
	size mismatch for up_blocks.2.attentions.0.transformer_blocks.0.attn1.to_q.lora_B.default.weight: copying a param with shape torch.Size([640, 16]) from checkpoint, the shape in current model is torch.Size([640, 32]).
	size mismatch for up_blocks.2.attentions.0.transformer_blocks.0.attn1.to_k.lora_A.default.weight: copying a param with shape torch.Size([16, 640]) from checkpoint, the shape in current model is torch.Size([32, 640]).
	size mismatch for up_blocks.2.attentions.0.transformer_blocks.0.attn1.to_k.lora_B.default.weight: copying a param with shape torch.Size([640, 16]) from checkpoint, the shape in current model is torch.Size([640, 32]).
	size mismatch for up_blocks.2.attentions.0.transformer_blocks.0.attn1.to_v.lora_A.default.weight: copying a param with shape torch.Size([16, 640]) from checkpoint, the shape in current model is torch.Size([32, 640]).
	size mismatch for up_blocks.2.attentions.0.transformer_blocks.0.attn1.to_v.lora_B.default.weight: copying a param with shape torch.Size([640, 16]) from checkpoint, the shape in current model is torch.Size([640, 32]).
	size mismatch for up_blocks.2.attentions.0.transformer_blocks.0.attn1.to_out.0.lora_A.d{'loss': -0.09392658707484842, 'policy_loss': 0.0021373086201068444, 'entropy': 0.09178929907234477, 'entropy_bonus': 0.09178929907234477, 'kl_mean': 2.3322523644897833e-06, 'kl_penalty': 2.3322523644897835e-08, 'kl_coefficient': 0.01, 'beta': 2.0, 'reward_scale': 2.0, 'importance_ratio': 0.9999966221283199, 'reward_mean': 0.22162918746471405, 'reward_std': 0.07254111766815186, 'soft_q_mean': 0.06729184836149216, 'grad_norm_mean': 6.98419488084515e-06, 'skipped_updates': 0, 'selected_samples': 1758, 'current_reward_mean': 0.1235063299536705, 'current_reward_std': 0.025332221761345863, 'replay_reward_mean': 0.13234736025333405, 'replay_reward_std': 0.019445136189460754, 'replay_samples': 1502, 'replay_source_epoch': 32, 'epoch': 33, 'seed': 123, 'learning_rate': 3.5839931879571745e-05}
{'loss': -0.09363631816941313, 'policy_loss': 0.001819121445754778, 'entropy': 0.0918172177251848, 'entropy_bonus': 0.0918172177251848, 'kl_mean': 2.406801175821601e-06, 'kl_penalty': 2.4068011758216008e-08, 'kl_coefficient': 0.01, 'beta': 2.0, 'reward_scale': 2.0, 'importance_ratio': 0.9999966375862029, 'reward_mean': 0.224455326795578, 'reward_std': 0.0724518671631813, 'soft_q_mean': 0.057175811380147934, 'grad_norm_mean': 5.638368636314057e-06, 'skipped_updates': 0, 'selected_samples': 1706, 'current_reward_mean': 0.12306678295135498, 'current_reward_std': 0.02432771772146225, 'replay_reward_mean': 0.1344374120235443, 'replay_reward_std': 0.018278148025274277, 'replay_samples': 1450, 'replay_source_epoch': 33, 'epoch': 34, 'seed': 123, 'learning_rate': 3.332108466542282e-05}
 60%|██████    | 27/45 [30:10:26<30:57:41, 6192.31s/it] 62%|██████▏   | 28/45 [32:20:12<31:29:56, 6670.39s/it]
Loading weights:   0%|          | 0/473 [00:00<?, ?it/s][ALoading weights: 100%|██████████| 473/473 [00:00<00:00, 35744.12it/s]

Loading weights:   0%|          | 0/388 [00:00<?, ?it/s][ALoading weights: 100%|██████████| 388/388 [00:00<00:00, 49906.16it/s]
[transformers] [1mDebertaModel LOAD REPORT[0m from: microsoft/deberta-large-mnli
Key                 | Status     |  | 
--------------------+------------+--+-
pooler.dense.bias   | UNEXPECTED |  | 
pooler.dense.weight | UNEXPECTED |  | 
classifier.bias     | UNEXPECTED |  | 
classifier.weight   | UNEXPECTED |  | 
config              | UNEXPECTED |  | 

Notes:
- UNEXPECTED:	can be ignored when loading from different task/architecture; not ok if you expect identical arch.
{'loss': -0.0938867289405172, 'policy_loss': 0.00209905490803763, 'entropy': 0.09178769536530056, 'entropy_bonus': 0.09178769536530056, 'kl_mean': 2.3807947162136328e-06, 'kl_penalty': 2.3807947162136327e-08, 'kl_coefficient': 0.01, 'beta': 2.0, 'reward_scale': 2.0, 'importance_ratio': 0.9999966593295398, 'reward_mean': 0.2164907604455948, 'reward_std': 0.07191351056098938, 'soft_q_mean': 0.06613826006650925, 'grad_norm_mean': 6.0584908641791614e-06, 'skipped_updates': 0, 'selected_samples': 1818, 'current_reward_mean': 0.12163242697715759, 'current_reward_std': 0.026393568143248558, 'replay_reward_mean': 0.12906841933727264, 'replay_reward_std': 0.0202013049274683, 'replay_samples': 1562, 'replay_source_epoch': 34, 'epoch': 35, 'seed': 123, 'learning_rate': 3.0887794225945154e-05}
Saved checkpoint for completed epoch 35 to outputs/emo_v4/seed_123/checkpoint/checkpoint.pt
{'loss': -0.09344091836155588, 'policy_loss': 0.0016313407030712883, 'entropy': 0.09180959777314165, 'entropy_bonus': 0.09180959777314165, 'kl_mean': 2.2897032082542777e-06, 'kl_penalty': 2.289703208254278e-08, 'kl_coefficient': 0.01, 'beta': 2.0, 'reward_scale': 2.0, 'importance_ratio': 0.9999967932853163, 'reward_mean': 0.22741523385047913, 'reward_std': 0.07289649546146393, 'soft_q_mean': 0.05137847736477852, 'grad_norm_mean': 6.569102935749527e-05, 'skipped_updates': 0, 'selected_samples': 1490, 'current_reward_mean': 0.12403301894664764, 'current_reward_std': 0.025648409500718117, 'replay_reward_mean': 0.13664908707141876, 'replay_reward_std': 0.01701357774436474, 'replay_samples': 1234, 'replay_source_epoch': 35, 'epoch': 36, 'seed': 123, 'learning_rate': 2.8549663646838724e-05}
 64%|██████▍   | 29/45 [34:27:47<30:57:31, 6965.74s/it] 67%|██████▋   | 30/45 [36:46:02<30:41:07, 7364.48s/it]
Loading weights:   0%|          | 0/473 [00:00<?, ?it/s][ALoading weights: 100%|██████████| 473/473 [00:00<00:00, 40308.54it/s]

Loading weights:   0%|          | 0/388 [00:00<?, ?it/s][ALoading weights: 100%|██████████| 388/388 [00:00<00:00, 43552.69it/s]
[transformers] [1mDebertaModel LOAD REPORT[0m from: microsoft/deberta-large-mnli
Key                 | Status     |  | 
--------------------+------------+--+-
pooler.dense.bias   | UNEXPECTED |  | 
pooler.dense.weight | UNEXPECTED |  | 
classifier.bias     | UNEXPECTED |  | 
classifier.weight   | UNEXPECTED |  | 
config              | UNEXPECTED |  | 

Notes:
- UNEXPECTED:	can be ignored when loading from different task/architecture; not ok if you expect identical arch.
{'loss': -0.09361019764366595, 'policy_loss': 0.001806500568977572, 'entropy': 0.09180371779221265, 'entropy_bonus': 0.09180371779221265, 'kl_mean': 2.334438874427356e-06, 'kl_penalty': 2.334438874427356e-08, 'kl_coefficient': 0.01, 'beta': 2.0, 'reward_scale': 2.0, 'importance_ratio': 0.9999968308786851, 'reward_mean': 0.22364240884780884, 'reward_std': 0.0737282857298851, 'soft_q_mean': 0.05667968839406967, 'grad_norm_mean': 6.992995056605097e-06, 'skipped_updates': 0, 'selected_samples': 1461, 'current_reward_mean': 0.1257304698228836, 'current_reward_std': 0.024178238585591316, 'replay_reward_mean': 0.13363558053970337, 'replay_reward_std': 0.02053099498152733, 'replay_samples': 1205, 'replay_source_epoch': 36, 'epoch': 37, 'seed': 123, 'learning_rate': 2.6315920461308974e-05}
{'loss': -0.09395730442541908, 'policy_loss': 0.002127325774467716, 'entropy': 0.091829999697161, 'entropy_bonus': 0.091829999697161, 'kl_mean': 2.3627364170678326e-06, 'kl_penalty': 2.3627364170678327e-08, 'kl_coefficient': 0.01, 'beta': 2.0, 'reward_scale': 2.0, 'importance_ratio': 0.9999966899744746, 'reward_mean': 0.22373436391353607, 'reward_std': 0.07300566136837006, 'soft_q_mean': 0.06679286062717438, 'grad_norm_mean': 4.69272342062301e-06, 'skipped_updates': 0, 'selected_samples': 2176, 'current_reward_mean': 0.12318721413612366, 'current_reward_std': 0.02523001842200756, 'replay_reward_mean': 0.13352049887180328, 'replay_reward_std': 0.0195651613175869, 'replay_samples': 1920, 'replay_source_epoch': 37, 'epoch': 38, 'seed': 123, 'learning_rate': 2.4195380233209022e-05}
 69%|██████▉   | 31/45 [38:41:48<28:09:05, 7239.00s/it] 71%|███████   | 32/45 [40:38:00<25:51:07, 7159.05s/it]
Loading weights:   0%|          | 0/473 [00:00<?, ?it/s][ALoading weights: 100%|██████████| 473/473 [00:00<00:00, 29587.57it/s]

Loading weights:   0%|          | 0/388 [00:00<?, ?it/s][ALoading weights: 100%|██████████| 388/388 [00:00<00:00, 33193.75it/s]
[transformers] [1mDebertaModel LOAD REPORT[0m from: microsoft/deberta-large-mnli
Key                 | Status     |  | 
--------------------+------------+--+-
pooler.dense.bias   | UNEXPECTED |  | 
pooler.dense.weight | UNEXPECTED |  | 
classifier.bias     | UNEXPECTED |  | 
classifier.weight   | UNEXPECTED |  | 
config              | UNEXPECTED |  | 

Notes:
- UNEXPECTED:	can be ignored when loading from different task/architecture; not ok if you expect identical arch.
{'loss': -0.09364535858141616, 'policy_loss': 0.0018022183903150149, 'entropy': 0.09184316176881964, 'entropy_bonus': 0.09184316176881964, 'kl_mean': 2.4376215435047186e-06, 'kl_penalty': 2.4376215435047188e-08, 'kl_coefficient': 0.01, 'beta': 2.0, 'reward_scale': 2.0, 'importance_ratio': 0.999996747934457, 'reward_mean': 0.2198362797498703, 'reward_std': 0.07214928418397903, 'soft_q_mean': 0.05739494785666466, 'grad_norm_mean': 3.253251413649526e-05, 'skipped_updates': 0, 'selected_samples': 2059, 'current_reward_mean': 0.12430751323699951, 'current_reward_std': 0.025059202685952187, 'replay_reward_mean': 0.13080790638923645, 'replay_reward_std': 0.019871363416314125, 'replay_samples': 1803, 'replay_source_epoch': 38, 'epoch': 39, 'seed': 123, 'learning_rate': 2.2196411766036502e-05}
{'loss': -0.09382818044467392, 'policy_loss': 0.0019895063654638803, 'entropy': 0.09183869512219514, 'entropy_bonus': 0.09183869512219514, 'kl_mean': 2.392441997586946e-06, 'kl_penalty': 2.392441997586946e-08, 'kl_coefficient': 0.01, 'beta': 2.0, 'reward_scale': 2.0, 'importance_ratio': 0.999996912195569, 'reward_mean': 0.22131036221981049, 'reward_std': 0.07167015224695206, 'soft_q_mean': 0.06312341243028641, 'grad_norm_mean': 5.661686701425121e-05, 'skipped_updates': 0, 'selected_samples': 1859, 'current_reward_mean': 0.12370757758617401, 'current_reward_std': 0.023727847263216972, 'replay_reward_mean': 0.1320154219865799, 'replay_reward_std': 0.01876123435795307, 'replay_samples': 1603, 'replay_source_epoch': 39, 'epoch': 40, 'seed': 123, 'learning_rate': 2.03269040750895e-05}
Saved checkpoint for completed epoch 40 to outputs/emo_v4/seed_123/checkpoint/checkpoint.pt
 73%|███████▎  | 33/45 [43:26:02<26:47:09, 8035.78s/it] 76%|███████▌  | 34/45 [46:00:28<25:40:52, 8404.81s/it]
Loading weights:   0%|          | 0/473 [00:00<?, ?it/s][ALoading weights: 100%|██████████| 473/473 [00:00<00:00, 28220.16it/s]

Loading weights:   0%|          | 0/388 [00:00<?, ?it/s][ALoading weights: 100%|██████████| 388/388 [00:00<00:00, 23330.75it/s]
[transformers] [1mDebertaModel LOAD REPORT[0m from: microsoft/deberta-large-mnli
Key                 | Status     |  | 
--------------------+------------+--+-
pooler.dense.bias   | UNEXPECTED |  | 
pooler.dense.weight | UNEXPECTED |  | 
classifier.bias     | UNEXPECTED |  | 
classifier.weight   | UNEXPECTED |  | 
config              | UNEXPECTED |  | 

Notes:
- UNEXPECTED:	can be ignored when loading from different task/architecture; not ok if you expect identical arch.
mismatch for up_blocks.3.attentions.0.transformer_blocks.0.attn1.to_v.lora_B.default.weight: copying a param with shape torch.Size([320, 16]) from checkpoint, the shape in current model is torch.Size([320, 32]).
	size mismatch for up_blocks.3.attentions.0.transformer_blocks.0.attn1.to_out.0.lora_A.default.weight: copying a param with shape torch.Size([16, 320]) from checkpoint, the shape in current model is torch.Size([32, 320]).
	size mismatch for up_blocks.3.attentions.0.transformer_blocks.0.attn1.to_out.0.lora_B.default.weight: copying a param with shape torch.Size([320, 16]) from checkpoint, the shape in current model is torch.Size([320, 32]).
	size mismatch for up_blocks.3.attentions.0.transformer_blocks.0.attn2.to_q.lora_A.default.weight: copying a param with shape torch.Size([16, 320]) from checkpoint, the shape in current model is torch.Size([32, 320]).
	size mismatch for up_blocks.3.attentions.0.transformer_blocks.0.attn2.to_q.lora_B.default.weight: copying a param with shape torch.Size([320, 16]) from checkpoint, the shape in current model is torch.Size([320, 32]).
	size mismatch for up_blocks.3.attentions.0.transformer_blocks.0.attn2.to_k.lora_A.default.weight: copying a param with shape torch.Size([16, 768]) from checkpoint, the shape in current model is torch.Size([32, 768]).
	size mismatch for up_blocks.3.attentions.0.transformer_blocks.0.attn2.to_k.lora_B.default.weight: copying a param with shape torch.Size([320, 16]) from checkpoint, the shape in current model is torch.Size([320, 32]).
	size mismatch for up_blocks.3.attentions.0.transformer_blocks.0.attn2.to_v.lora_A.default.weight: copying a param with shape torch.Size([16, 768]) from checkpoint, the shape in current model is torch.Size([32, 768]).
	size mismatch for up_blocks.3.attentions.0.transformer_blocks.0.attn2.to_v.lora_B.default.weight: copying a param with shape torch.Size([320, 16]) from checkpoint, the shape in current model is torch.Size([320, 32]).
	size mismatch for up_blocks.3.attentions.0.transformer_blocks.0.attn2.to_out.0.lora_A.default.weight: copying a param with shape torch.Size([16, 320]) from checkpoint, the shape in current model is torch.Size([32, 320]).
	size mismatch for up_blocks.3.attentions.0.transformer_blocks.0.attn2.to_out.0.lora_B.default.weight: copying a param with shape torch.Size([320, 16]) from checkpoint, the shape in current model is torch.Size([320, 32]).
	size mismatch for up_blocks.3.attentions.1.transformer_blocks.0.attn1.to_q.lora_A.default.weight: copying a param with shape torch.Size([16, 320]) from checkpoint, the shape in current model is torch.Size([32, 320]).
	size mismatch for up_blocks.3.attentions.1.transformer_blocks.0.attn1.to_q.lora_B.default.weight: copying a param with shape torch.Size([320, 16]) from checkpoint, the shape in current model is torch.Size([320, 32]).
	size mismatch for up_blocks.3.attentions.1.transformer_blocks.0.attn1.to_k.lora_A.default.weight: copying a param with shape torch.Size([16, 320]) from checkpoint, the shape in current model is torch.Size([32, 320]).
	size mismatch for up_blocks.3.attentions.1.transformer_blocks.0.attn1.to_k.lora_B.default.weight: copying a param with shape torch.Size([320, 16]) from checkpoint, the shape in current model is torch.Size([320, 32]).
	size mismatch for up_blocks.3.attentions.1.transformer_blocks.0.attn1.to_v.lora_A.default.weight: copying a param with shape torch.Size([16, 320]) from checkpoint, the shape in current model is torch.Size([32, 320]).
	size mismatch for up_blocks.3.attentions.1.transformer_blocks.0.attn1.to_v.lora_B.default.weight: copying a param with shape torch.Size([320, 16]) from checkpoint, the shape in current model is torch.Size([320, 32]).
	size mismatch for up_blocks.3.attentions.1.transformer_blocks.0.attn1.to_out.0.lora_A.default.weight: copying a param with shape torch.Size([16, 320]) from checkpoint, the shape in current model is torch.Size([32, 320]).
	size mismatch for up_blocks.3.attentions.1.transformer_blocks.0.attn1.to_out.0.lora_B.default.weight: copying a param with shape torch.Size([320, 16]) from checkpoint, the shape in current model is torch.Size([320, 32]).
	size mismatch for up_blocks.3.attentions.1.transformer_blocks.0.attn2.to_q.lora_A.default.weight: copying a param with shape torch.Size([16, 320]) from checkpoint, the shape in current model is torch.Size([32, 320]).
	size mismatch for up_blocks.3.attentions.1.transformer_blocks.0.attn2.to_q.lora_B.default.weight: copying a param with shape torch.Size([320, 16]) from checkpoint, the shape in current model is torch.Size([320, 32]).
	size mismatch for up_blocks.3.attentions.1.transformer_blocks.0.attn2.to_k.lora_A.default.weight: copying a param with shape torch.Size([16, 768]) from checkpoint, the shape in current model is torch.Size([32, 768]).
	size mismatch for up_blocks.3.attentions.1.transformer_blocks.0.attn2.to_k.lora_B.default.weight: copying a param with shape torch.Size([320, 16]) from checkpoint, the shape in current model is torch.Size([320, 32]).
	size mismatch for up_blocks.3.attentions.1.transformer_blocks.0.attn2.to_v.lora_A.default.weight: copying a param with shape torch.Size([16, 768]) from checkpoint, the shape in current model is torch.Size([32, 768]).
	size mismatch for up_blocks.3.attentions.1.transformer_blocks.0.attn2.to_v.lora_B.default.weight: copying a param with shape torch.Size([320, 16]) from checkpoint, the shape in current model is torch.Size([320, 32]).
	size mismatch for up_blocks.3.attentions.1.transformer_blocks.0.attn2.to_out.0.lora_A.default.weight: copying a param with shape torch.Size([16, 320]) from checkpoint, the shape in current model is torch.Size([32, 320]).
	size mismatch for up_blocks.3.attentions.1.transformer_blocks.0.attn2.to_out.0.lora_B.default.weight: copying a param with shape torch.Size([320, 16]) from checkpoint, the shape in current model is torch.Size([320, 32]).
	size mismatch for up_blocks.3.attentions.2.transformer_blocks.0.attn1.to_q.lora_A.default.weight: copying a param with shape torch.Size([16, 320]) from checkpoint, the shape in current model is torch.Size([32, 320]).
	size mismatch for up_blocks.3.attentions.2.transformer_blocks.0.attn1.to_q.lora_B.default.weight: copying a param with shape torch.Size([320, 16]) from checkpoint, the shape in current model is torch.Size([320, 32]).
	size mismatch for up_blocks.3.attentions.2.transformer_blocks.0.attn1.to_k.lora_A.default.weight: copying a param with shape torch.Size([16, 320]) from checkpoint, the shape in current model is torch.Size([32, 320]).
	size mismatch for up_blocks.3.attentions.2.transformer_blocks.0.attn1.to_k.lora_B.default.weight: copying a param with shape torch.Size([320, 16]) from checkpoint, the shape in current model is torch.Size([320, 32]).
	size mismatch for up_blocks.3.attentions.2.transformer_blocks.0.attn1.to_v.lora_A.default.weight: copying a param with shape torch.Size([16, 320]) from checkpoint, the shape in current model is torch.Size([32, 320]).
	size mismatch for up_blocks.3.attentions.2.transformer_blocks.0.attn1.to_v.lora_B.default.weight: copying a param with shape torch.Size([320, 16]) from checkpoint, the shape in current model is torch.Size([320, 32]).
	size mismatch for up_blocks.3.attentions.2.transformer_blocks.0.attn1.to_out.0.lora_A.default.weight: copying a param with shape torch.Size([16, 320]) from checkpoint, the shape in current model is torch.Size([32, 320]).
	size mismatch for up_blocks.3.attentions.2.transformer_blocks.0.attn1.to_out.0.lora_B.default.weight: copying a param with shape torch.Size([320, 16]) from checkpoint, the shape in current model is torch.Size([320, 32]).
	size mismatch for up_blocks.3.attentions.2.transformer_blocks.0.attn2.to_q.lora_A.default.weight: copying a param with shape torch.Size([16, 320]) from checkpoint, the shape in current model is torch.Size([32, 320]).
	size mismatch for up_blocks.3.attentions.2.transformer_blocks.0.attn2.to_q.lora_B.default.weight: copying a param with shape torch.Size([320, 16]) from checkpoint, the shape in current model is torch.Size([320, 32]).
	size mismatch for up_blocks.3.attentions.2.transformer_blocks.0.attn2.to_k.lora_A.default.weight: copying a param with shape torch.Size([16, 768]) from checkpoint, the shape in current model is torch.Size([32, 768]).
	size mismatch for up_blocks.3.attentions.2.transformer_blocks.0.attn2.to_k.lora_B.default.weight: copying a param with shape torch.Size([320, 16]) from checkpoint, the shape in current model is torch.Size([320, 32]).
	size mismatch for up_blocks.3.attentions.2.transformer_blocks.0.attn2.to_v.lora_A.default.weight: copying a param with shape torch.Size([16, 768]) from checkpoint, the shape in current model is torch.Size([32, 768]).
	size mismatch for up_blocks.3.attentions.2.transformer_blocks.0.attn2.to_v.lora_B.default.weight: copying a param with shape torch.Size([320, 16]) from checkpoint, the shape in current model is torch.Size([320, 32]).
	size mismatch for up_blocks.3.attentions.2.transformer_blocks.0.attn2.to_out.0.lora_A.default.weight: copying a param with shape torch.Size([16, 320]) from checkpoint, the shape in current model is torch.Size([32, 320]).
	size mismatch for up_blocks.3.attentions.2.transformer_blocks.0.attn2.to_out.0.lora_B.default.weight: copying a param with shape torch.Size([320, 16]) from checkpoint, the shape in current model is torch.Size([320, 32]).
	size mismatch for mid_block.attentions.0.transformer_blocks.0.attn1.to_q.lora_A.default.weight: copying a param with shape torch.Size([16, 1280]) from checkpoint, the shape in current model is torch.Size([32, 1280]).
	size mismatch for mid_block.attentions.0.transformer_blocks.0.attn1.to_q.lora_B.default.weight: copying a param with shape torch.Size([1280, 16]) from checkpoint, the shape in current model is torch.Size([1280, 32]).
	size mismatch for mid_block.attentions.0.transformer_blocks.0.attn1.to_k.lora_A.default.weight: copying a param with shape torch.Size([16, 1280]) from checkpoint, the shape in current model is torch.Size([32, 1280]).
	size mismatch for mid_block.attentions.0.transformer_blocks.0.attn1.to_k.lora_B.default.weight: copying a param with shape torch.Size([1280, 16]) from checkpoint, the shape in current model is torch.Size([1280, 32]).
	size mismatch for mid_block.attentions.0.transformer_blocks.0.attn1.to_v.lora_A.default.weight: copying a param with shape torch.Size([16, 1280]) from checkpoint, the shape in current model is torch.Size([32, 1280]).
	size mismatch for mid_block.attentions.0.transformer_blocks.0.attn1.to_v.lora_B.default.weight: copying a param with shape torch.Size([1280, 16]) from checkpoint, the shape in current model is torch.Size([1280, 32]).
	size mismatch for mid_block.attentions.0.transformer_blocks.0.attn1.to_out.0.lora_A.default.weight: copying a param with shape torch.Size([16, 1280]) from checkpoint, the shape in current model is torch.Size([32, 1280]).
	size mismatch for mid_block.attentions.0.transformer_blocks.0.attn1.to_out.0.lora_B.default.weight: copying a param with shape torch.Size([1280, 16]) from checkpoint, the shape in current model is torch.Size([1280, 32]).
	size mismatch for mid_block.attentions.0.transformer_blocks.0.attn2.to_q.lora_A.default.weight: copying a param with shape torch.Size([16, 1280]) from checkpoint, the shape in current model is torch.Size([32, 1280]).
	size mismatch for mid_block.attentions.0.transformer_blocks.0.attn2.to_q.lora_B.default.weight: copying a param with shape torch.Size([1280, 16]) from checkpoint, the shape in current model is torch.Size([1280, 32]).
	size mismatch for mid_block.attentions.0.transformer_blocks.0.attn2.to_k.lora_A.default.weight: copying a param with shape torch.Size([16, 768]) from checkpoint, the shape in current model is torch.Size([32, 768]).
	size mismatch for mid_block.attentions.0.transformer_blocks.0.attn2.to_k.lora_B.default.weight: copying a param with shape torch.Size([1280, 16]) from checkpoint, the shape in current model is torch.Size([1280, 32]).
	size mismatch for mid_block.attentions.0.transformer_blocks.0.attn2.to_v.lora_A.default.weight: copying a param with shape torch.Size([16, 768]) from checkpoint, the shape in current model is torch.Size([32, 768]).
	size mismatch for mid_block.attentions.0.transformer_blocks.0.attn2.to_v.lora_B.default.weight: copying a param with shape torch.Size([1280, 16]) from checkpoint, the shape in current model is torch.Size([1280, 32]).
	size mismatch for mid_block.attentions.0.transformer_blocks.0.attn2.to_out.0.lora_A.default.weight: copying a param with shape torch.Size([16, 1280]) from checkpoint, the shape in current model is torch.Size([32, 1280]).
	size mismatch for mid_block.attentions.0.transformer_blocks.0.attn2.to_out.0.lora_B.default.weight: copying a param with shape torch.Size([1280, 16]) from checkpoint, the shape in current model is torch.Size([1280, 32]).
Trainable LoRA parameters kept in FP32 for optimizer stability
xFormers memory efficient attention enabled
Training 6,388,996 LoRA parameters
✗ EMO_V3 seed=123 failed with exit code 1 on GPUs 5 in 12.38 seconds

================================================================================
All baseline and seed runs completed
================================================================================

Total execution time: 12.38 seconds
